CREATE EXTENSION pg_toolkit_brazil;
CREATE TABLE pessoa(
    cpf cpf NOT NULL,
    PRIMARY KEY (cpf)
);
\d pessoa
             Table "public.pessoa"
 Column | Type | Collation | Nullable | Default 
--------+------+-----------+----------+---------
 cpf    | cpf  |           | not null | 
Indexes:
    "pessoa_pkey" PRIMARY KEY, btree (cpf)

-- Valid and generated CPFs using: https://theonegenerator.com/pt/geradores/documentos/gerador-de-cpf/
INSERT INTO pessoa VALUES (cpf '40100276300'), (16426332836);
SELECT * FROM pessoa ORDER BY cpf;
      cpf       
----------------
 164.263.328-36
 401.002.763-00
(2 rows)

-- invalid CPFs
SELECT cpf '12345';
ERROR:  invalid CPF
LINE 1: SELECT cpf '12345';
                   ^
DETAIL:  Invalid check digit for the CPF.
SELECT cpf '99';
ERROR:  invalid CPF
LINE 1: SELECT cpf '99';
                   ^
DETAIL:  CPF should not be less than 100 and greater than 99999999999.
SELECT cpf '123456789012';
ERROR:  invalid CPF
LINE 1: SELECT cpf '123456789012';
                   ^
DETAIL:  CPF should not be less than 100 and greater than 99999999999.
SELECT cpf '11111111111';
ERROR:  invalid CPF
LINE 1: SELECT cpf '11111111111';
                   ^
DETAIL:  All CPF digits should not be equal.
SELECT cpf '22222222222';
ERROR:  invalid CPF
LINE 1: SELECT cpf '22222222222';
                   ^
DETAIL:  All CPF digits should not be equal.
SELECT cpf '33333333333';
ERROR:  invalid CPF
LINE 1: SELECT cpf '33333333333';
                   ^
DETAIL:  All CPF digits should not be equal.
SELECT cpf '44444444444';
ERROR:  invalid CPF
LINE 1: SELECT cpf '44444444444';
                   ^
DETAIL:  All CPF digits should not be equal.
SELECT cpf '55555555555';
ERROR:  invalid CPF
LINE 1: SELECT cpf '55555555555';
                   ^
DETAIL:  All CPF digits should not be equal.
SELECT cpf '66666666666';
ERROR:  invalid CPF
LINE 1: SELECT cpf '66666666666';
                   ^
DETAIL:  All CPF digits should not be equal.
SELECT cpf '77777777777';
ERROR:  invalid CPF
LINE 1: SELECT cpf '77777777777';
                   ^
DETAIL:  All CPF digits should not be equal.
SELECT cpf '88888888888';
ERROR:  invalid CPF
LINE 1: SELECT cpf '88888888888';
                   ^
DETAIL:  All CPF digits should not be equal.
SELECT cpf '99999999999';
ERROR:  invalid CPF
LINE 1: SELECT cpf '99999999999';
                   ^
DETAIL:  All CPF digits should not be equal.
SELECT cpf '00000000000';
ERROR:  invalid CPF
LINE 1: SELECT cpf '00000000000';
                   ^
DETAIL:  CPF should not be less than 100 and greater than 99999999999.
-- operators
SELECT cpf '40100276300' =  cpf '40100276300';
 ?column? 
----------
 t
(1 row)

SELECT cpf '40100276300' <> cpf '16426332836';
 ?column? 
----------
 t
(1 row)

SELECT cpf '40100276300' <  cpf '16426332836';
 ?column? 
----------
 f
(1 row)

SELECT cpf '40100276300' <= cpf '16426332836';
 ?column? 
----------
 f
(1 row)

SELECT cpf '40100276300' >= cpf '16426332836';
 ?column? 
----------
 t
(1 row)

SELECT cpf '40100276300' >  cpf '16426332836';
 ?column? 
----------
 t
(1 row)

